2026-03-14T02:00:06Z worker ERROR upstream timeout on /v1/charges (E503)
2026-03-14T02:00:15Z worker DEBUG queue depth 12
2026-03-14T02:00:21Z worker ERROR card tokenization failed (E401)
2026-03-14T02:00:32Z worker DEBUG heartbeat acknowledged
2026-03-14T02:00:47Z worker DEBUG health probe ok
2026-03-14T02:01:06Z worker INFO request completed in 42ms
2026-03-14T02:01:09Z worker INFO session token refreshed
2026-03-14T02:01:27Z worker INFO shutdown signal handled cleanly
2026-03-14T02:01:28Z worker WARN request took 2.1s, above the 1s budget
2026-03-14T02:01:39Z worker INFO session token refreshed
2026-03-14T02:01:58Z worker ERROR upstream timeout on /v1/charges (E503)
2026-03-14T02:02:16Z worker DEBUG queue depth 12
2026-03-14T02:02:25Z worker DEBUG heartbeat acknowledged
2026-03-14T02:02:27Z worker WARN upstream latency 880ms
2026-03-14T02:02:43Z worker TRACE worker claimed job 4471
2026-03-14T02:02:51Z worker INFO request completed in 42ms
2026-03-14T02:03:06Z worker DEBUG heartbeat acknowledged
2026-03-14T02:03:20Z worker INFO session token refreshed
2026-03-14T02:03:32Z worker TRACE worker claimed job 4471
2026-03-14T02:03:43Z worker ERROR card tokenization failed (E401)
2026-03-14T02:03:45Z worker INFO request completed in 42ms
2026-03-14T02:04:04Z worker DEBUG heartbeat acknowledged
2026-03-14T02:04:16Z worker INFO request completed in 42ms
2026-03-14T02:04:20Z worker WARN upstream latency 880ms
2026-03-14T02:04:21Z worker DEBUG heartbeat acknowledged
2026-03-14T02:04:31Z worker INFO config reloaded from disk
2026-03-14T02:04:38Z worker WARN request took 2.1s, above the 1s budget
2026-03-14T02:04:46Z worker DEBUG queue depth 12
2026-03-14T02:04:47Z worker DEBUG cache hit for key user:1204
2026-03-14T02:05:07Z worker WARN upstream latency 880ms
2026-03-14T02:05:26Z worker DEBUG health probe ok
2026-03-14T02:05:33Z worker INFO config reloaded from disk
2026-03-14T02:05:53Z worker INFO shutdown signal handled cleanly
2026-03-14T02:06:05Z worker INFO request completed in 42ms
2026-03-14T02:06:09Z worker INFO connection pool resized to 16
2026-03-14T02:06:15Z worker INFO config reloaded from disk
2026-03-14T02:06:19Z worker TRACE worker claimed job 4471
2026-03-14T02:06:23Z worker INFO connection pool resized to 16
2026-03-14T02:06:34Z worker ERROR upstream timeout on /v1/charges (E503)
2026-03-14T02:06:38Z worker INFO batch flushed, 240 rows
2026-03-14T02:06:49Z worker INFO session token refreshed
2026-03-14T02:07:01Z worker INFO batch flushed, 240 rows
2026-03-14T02:07:12Z worker INFO request completed in 42ms
2026-03-14T02:07:18Z worker WARN request took 2.1s, above the 1s budget
2026-03-14T02:07:34Z worker WARN request took 2.1s, above the 1s budget
2026-03-14T02:07:52Z worker TRACE worker claimed job 4471
2026-03-14T02:07:57Z worker DEBUG queue depth 12
2026-03-14T02:08:12Z worker WARN retry scheduled in 500ms
2026-03-14T02:08:32Z worker INFO connection pool resized to 16
2026-03-14T02:08:45Z worker TRACE worker claimed job 4471
2026-03-14T02:09:02Z worker INFO config reloaded from disk
2026-03-14T02:09:12Z worker WARN upstream latency 880ms
2026-03-14T02:09:14Z worker DEBUG queue depth 12
2026-03-14T02:09:22Z worker DEBUG health probe ok
2026-03-14T02:09:25Z worker DEBUG health probe ok
2026-03-14T02:09:33Z worker WARN upstream latency 880ms
2026-03-14T02:09:39Z worker TRACE worker claimed job 4471
2026-03-14T02:09:40Z worker WARN request took 2.1s, above the 1s budget
2026-03-14T02:09:45Z worker INFO request completed in 42ms
2026-03-14T02:10:00Z worker INFO request completed in 42ms
2026-03-14T02:10:08Z worker WARN upstream latency 880ms
2026-03-14T02:10:21Z worker INFO batch flushed, 240 rows
2026-03-14T02:10:35Z worker ERROR card tokenization failed (E401)
2026-03-14T02:10:36Z worker ERROR payment declined by processor (E401)
2026-03-14T02:10:55Z worker DEBUG queue depth 12
2026-03-14T02:11:13Z worker INFO shutdown signal handled cleanly
2026-03-14T02:11:21Z worker WARN upstream latency 880ms
2026-03-14T02:11:22Z worker DEBUG health probe ok
2026-03-14T02:11:28Z worker WARN upstream latency 880ms
2026-03-14T02:11:37Z worker WARN upstream latency 880ms
2026-03-14T02:11:51Z worker TRACE worker claimed job 4471
2026-03-14T02:12:01Z worker WARN upstream latency 880ms
2026-03-14T02:12:20Z worker INFO batch flushed, 240 rows
2026-03-14T02:12:24Z worker INFO request completed in 42ms
2026-03-14T02:12:35Z worker INFO batch flushed, 240 rows
2026-03-14T02:12:43Z worker ERROR card tokenization failed (E401)
2026-03-14T02:12:53Z worker WARN request took 2.1s, above the 1s budget
2026-03-14T02:12:59Z worker TRACE worker claimed job 4471
2026-03-14T02:13:01Z worker WARN request took 2.1s, above the 1s budget
2026-03-14T02:13:05Z worker WARN request took 2.1s, above the 1s budget
2026-03-14T02:13:09Z worker ERROR card tokenization failed (E401)
2026-03-14T02:13:19Z worker TRACE worker claimed job 4471
2026-03-14T02:13:39Z worker TRACE worker claimed job 4471
2026-03-14T02:13:52Z worker INFO session token refreshed
2026-03-14T02:14:07Z worker DEBUG cache hit for key user:1204
2026-03-14T02:14:11Z worker DEBUG queue depth 12
2026-03-14T02:14:26Z worker ERROR database connection lost (E500)
2026-03-14T02:14:39Z worker DEBUG cache hit for key user:1204
2026-03-14T02:14:52Z worker INFO request completed in 42ms
2026-03-14T02:15:09Z worker INFO config reloaded from disk
2026-03-14T02:15:13Z worker INFO session token refreshed
2026-03-14T02:15:33Z worker ERROR payment declined by processor (E401)
2026-03-14T02:15:42Z worker INFO session token refreshed
2026-03-14T02:15:53Z worker WARN retry scheduled in 500ms
2026-03-14T02:16:03Z worker INFO batch flushed, 240 rows
2026-03-14T02:16:05Z worker WARN request took 2.1s, above the 1s budget
2026-03-14T02:16:25Z worker INFO request completed in 42ms
2026-03-14T02:16:33Z worker DEBUG health probe ok
2026-03-14T02:16:46Z worker WARN upstream latency 880ms
2026-03-14T02:16:58Z worker WARN upstream latency 880ms
2026-03-14T02:17:07Z worker TRACE worker claimed job 4471
2026-03-14T02:17:24Z worker INFO shutdown signal handled cleanly
2026-03-14T02:17:26Z worker INFO request completed in 42ms
2026-03-14T02:17:34Z worker WARN upstream latency 880ms
2026-03-14T02:17:42Z worker WARN upstream latency 880ms
2026-03-14T02:17:46Z worker TRACE worker claimed job 4471
2026-03-14T02:17:47Z worker TRACE worker claimed job 4471
2026-03-14T02:17:57Z worker INFO config reloaded from disk
2026-03-14T02:17:59Z worker DEBUG heartbeat acknowledged
2026-03-14T02:18:14Z worker DEBUG health probe ok
2026-03-14T02:18:18Z worker WARN request took 2.1s, above the 1s budget
2026-03-14T02:18:28Z worker TRACE worker claimed job 4471
2026-03-14T02:18:32Z worker DEBUG health probe ok
2026-03-14T02:18:33Z worker TRACE worker claimed job 4471
2026-03-14T02:18:49Z worker WARN retry scheduled in 500ms
2026-03-14T02:18:52Z worker DEBUG health probe ok
2026-03-14T02:18:59Z worker DEBUG health probe ok
2026-03-14T02:19:18Z worker DEBUG queue depth 12
2026-03-14T02:19:29Z worker DEBUG heartbeat acknowledged
2026-03-14T02:19:49Z worker DEBUG heartbeat acknowledged
2026-03-14T02:20:06Z worker DEBUG health probe ok
2026-03-14T02:20:17Z worker INFO connection pool resized to 16
2026-03-14T02:20:36Z worker INFO session token refreshed
2026-03-14T02:20:54Z worker ERROR settlement batch unavailable (E503)
2026-03-14T02:21:08Z worker WARN request took 2.1s, above the 1s budget
2026-03-14T02:21:17Z worker DEBUG cache hit for key user:1204
2026-03-14T02:21:30Z worker INFO session token refreshed
2026-03-14T02:21:35Z worker INFO batch flushed, 240 rows
2026-03-14T02:21:37Z worker WARN upstream latency 880ms
2026-03-14T02:21:38Z worker INFO session token refreshed
2026-03-14T02:21:54Z worker INFO config reloaded from disk
2026-03-14T02:22:03Z worker INFO session token refreshed
2026-03-14T02:22:20Z worker ERROR upstream timeout on /v1/charges (E503)
2026-03-14T02:22:30Z worker DEBUG heartbeat acknowledged
2026-03-14T02:22:34Z worker ERROR ledger write rejected (E500)
2026-03-14T02:22:45Z worker DEBUG heartbeat acknowledged
2026-03-14T02:22:53Z worker WARN request took 2.1s, above the 1s budget
2026-03-14T02:23:00Z worker INFO connection pool resized to 16
2026-03-14T02:23:13Z worker INFO batch flushed, 240 rows
2026-03-14T02:23:16Z worker DEBUG queue depth 12
2026-03-14T02:23:23Z worker DEBUG heartbeat acknowledged
2026-03-14T02:23:28Z worker INFO request completed in 42ms
2026-03-14T02:23:38Z worker TRACE worker claimed job 4471
2026-03-14T02:23:44Z worker DEBUG queue depth 12
2026-03-14T02:24:04Z worker ERROR upstream timeout on /v1/charges (E503)
2026-03-14T02:24:18Z worker INFO shutdown signal handled cleanly
2026-03-14T02:24:22Z worker ERROR card tokenization failed (E401)
2026-03-14T02:24:26Z worker DEBUG queue depth 12
2026-03-14T02:24:45Z worker INFO session token refreshed
2026-03-14T02:24:52Z worker DEBUG queue depth 12
2026-03-14T02:25:04Z worker ERROR database connection lost (E500)
2026-03-14T02:25:23Z worker INFO batch flushed, 240 rows
2026-03-14T02:25:25Z worker DEBUG heartbeat acknowledged
2026-03-14T02:25:45Z worker TRACE worker claimed job 4471
2026-03-14T02:26:00Z worker DEBUG cache hit for key user:1204
2026-03-14T02:26:01Z worker WARN retry scheduled in 500ms
2026-03-14T02:26:08Z worker INFO batch flushed, 240 rows
2026-03-14T02:26:13Z worker INFO session token refreshed
2026-03-14T02:26:15Z worker INFO session token refreshed
2026-03-14T02:26:21Z worker INFO config reloaded from disk
2026-03-14T02:26:27Z worker WARN upstream latency 880ms
2026-03-14T02:26:28Z worker INFO connection pool resized to 16
2026-03-14T02:26:32Z worker DEBUG health probe ok
2026-03-14T02:26:41Z worker DEBUG heartbeat acknowledged
2026-03-14T02:26:46Z worker DEBUG heartbeat acknowledged
2026-03-14T02:26:59Z worker INFO config reloaded from disk
2026-03-14T02:27:01Z worker INFO session token refreshed
2026-03-14T02:27:09Z worker ERROR upstream timeout on /v1/charges (E503)
2026-03-14T02:27:14Z worker INFO connection pool resized to 16
2026-03-14T02:27:15Z worker TRACE worker claimed job 4471
2026-03-14T02:27:31Z worker DEBUG health probe ok
2026-03-14T02:27:47Z worker DEBUG cache hit for key user:1204
2026-03-14T02:27:49Z worker INFO connection pool resized to 16
2026-03-14T02:27:59Z worker TRACE worker claimed job 4471
2026-03-14T02:28:16Z worker TRACE worker claimed job 4471
2026-03-14T02:28:19Z worker INFO batch flushed, 240 rows
2026-03-14T02:28:38Z worker DEBUG heartbeat acknowledged
2026-03-14T02:28:57Z worker INFO shutdown signal handled cleanly
2026-03-14T02:29:02Z worker WARN upstream latency 880ms
2026-03-14T02:29:20Z worker INFO session token refreshed
2026-03-14T02:29:31Z worker WARN upstream latency 880ms
2026-03-14T02:29:39Z worker INFO request completed in 42ms
2026-03-14T02:29:47Z worker DEBUG health probe ok
2026-03-14T02:29:57Z worker INFO session token refreshed
2026-03-14T02:30:06Z worker INFO config reloaded from disk
2026-03-14T02:30:08Z worker ERROR upstream timeout on /v1/charges (E503)
2026-03-14T02:30:27Z worker ERROR ledger write rejected (E500)
2026-03-14T02:30:31Z worker ERROR card tokenization failed (E401)
2026-03-14T02:30:33Z worker WARN retry scheduled in 500ms
2026-03-14T02:30:35Z worker INFO connection pool resized to 16
2026-03-14T02:30:38Z worker WARN request took 2.1s, above the 1s budget
2026-03-14T02:30:55Z worker TRACE worker claimed job 4471
2026-03-14T02:31:12Z worker INFO connection pool resized to 16
2026-03-14T02:31:31Z worker INFO batch flushed, 240 rows
2026-03-14T02:31:41Z worker DEBUG queue depth 12
2026-03-14T02:31:51Z worker INFO batch flushed, 240 rows
2026-03-14T02:32:10Z worker DEBUG health probe ok
2026-03-14T02:32:25Z worker DEBUG queue depth 12
2026-03-14T02:32:36Z worker DEBUG cache hit for key user:1204
2026-03-14T02:32:49Z worker INFO config reloaded from disk
2026-03-14T02:33:02Z worker DEBUG heartbeat acknowledged
2026-03-14T02:33:11Z worker INFO request completed in 42ms
2026-03-14T02:33:24Z worker INFO connection pool resized to 16
2026-03-14T02:33:39Z worker INFO session token refreshed
2026-03-14T02:33:55Z worker INFO config reloaded from disk
2026-03-14T02:34:05Z worker ERROR payment declined by processor (E401)
2026-03-14T02:34:10Z worker INFO connection pool resized to 16
2026-03-14T02:34:26Z worker WARN retry scheduled in 500ms
2026-03-14T02:34:29Z worker ERROR settlement batch unavailable (E503)
2026-03-14T02:34:38Z worker ERROR card tokenization failed (E401)
2026-03-14T02:34:47Z worker TRACE worker claimed job 4471
2026-03-14T02:34:52Z worker INFO request completed in 42ms
2026-03-14T02:35:07Z worker WARN request took 2.1s, above the 1s budget
2026-03-14T02:35:14Z worker TRACE worker claimed job 4471
2026-03-14T02:35:16Z worker DEBUG cache hit for key user:1204
2026-03-14T02:35:20Z worker ERROR database connection lost (E500)
2026-03-14T02:35:31Z worker INFO config reloaded from disk
2026-03-14T02:35:39Z worker WARN request took 2.1s, above the 1s budget
2026-03-14T02:35:59Z worker DEBUG queue depth 12
2026-03-14T02:36:19Z worker WARN request took 2.1s, above the 1s budget
2026-03-14T02:36:33Z worker INFO batch flushed, 240 rows
2026-03-14T02:36:48Z worker DEBUG cache hit for key user:1204
2026-03-14T02:36:52Z worker INFO session token refreshed
2026-03-14T02:37:05Z worker WARN upstream latency 880ms
2026-03-14T02:37:14Z worker DEBUG queue depth 12
2026-03-14T02:37:30Z worker ERROR ledger write rejected (E500)
2026-03-14T02:37:33Z worker INFO config reloaded from disk
2026-03-14T02:37:41Z worker WARN retry scheduled in 500ms
2026-03-14T02:37:56Z worker TRACE worker claimed job 4471
2026-03-14T02:38:08Z worker DEBUG health probe ok
2026-03-14T02:38:20Z worker INFO session token refreshed
2026-03-14T02:38:37Z worker INFO shutdown signal handled cleanly
2026-03-14T02:38:40Z worker DEBUG heartbeat acknowledged
2026-03-14T02:38:58Z worker INFO config reloaded from disk
2026-03-14T02:39:04Z worker TRACE worker claimed job 4471
2026-03-14T02:39:20Z worker WARN request took 2.1s, above the 1s budget
2026-03-14T02:39:38Z worker INFO config reloaded from disk
2026-03-14T02:39:51Z worker TRACE worker claimed job 4471
2026-03-14T02:39:58Z worker INFO config reloaded from disk
2026-03-14T02:40:15Z worker DEBUG heartbeat acknowledged
2026-03-14T02:40:25Z worker INFO config reloaded from disk
2026-03-14T02:40:26Z worker DEBUG health probe ok
2026-03-14T02:40:36Z worker TRACE worker claimed job 4471
2026-03-14T02:40:48Z worker INFO connection pool resized to 16
2026-03-14T02:40:51Z worker INFO request completed in 42ms
2026-03-14T02:40:58Z worker ERROR card tokenization failed (E401)
2026-03-14T02:41:00Z worker DEBUG cache hit for key user:1204
2026-03-14T02:41:10Z worker WARN request took 2.1s, above the 1s budget
2026-03-14T02:41:17Z worker INFO shutdown signal handled cleanly
2026-03-14T02:41:19Z worker INFO shutdown signal handled cleanly
2026-03-14T02:41:30Z worker DEBUG queue depth 12
2026-03-14T02:41:31Z worker WARN upstream latency 880ms
2026-03-14T02:41:46Z worker WARN request took 2.1s, above the 1s budget
2026-03-14T02:41:48Z worker ERROR card tokenization failed (E401)
2026-03-14T02:42:03Z worker WARN upstream latency 880ms
2026-03-14T02:42:11Z worker DEBUG heartbeat acknowledged
2026-03-14T02:42:30Z worker DEBUG heartbeat acknowledged
2026-03-14T02:42:35Z worker TRACE worker claimed job 4471
2026-03-14T02:42:47Z worker ERROR database connection lost (E500)
2026-03-14T02:43:00Z worker DEBUG queue depth 12
2026-03-14T02:43:17Z worker DEBUG cache hit for key user:1204
2026-03-14T02:43:35Z worker WARN retry scheduled in 500ms
2026-03-14T02:43:51Z worker INFO shutdown signal handled cleanly
2026-03-14T02:44:10Z worker TRACE worker claimed job 4471
2026-03-14T02:44:20Z worker TRACE worker claimed job 4471
2026-03-14T02:44:29Z worker DEBUG health probe ok
2026-03-14T02:44:49Z worker INFO batch flushed, 240 rows
2026-03-14T02:44:50Z worker WARN retry scheduled in 500ms
2026-03-14T02:45:03Z worker DEBUG cache hit for key user:1204
2026-03-14T02:45:06Z worker INFO shutdown signal handled cleanly
2026-03-14T02:45:17Z worker ERROR database connection lost (E500)
2026-03-14T02:45:35Z worker WARN upstream latency 880ms
2026-03-14T02:45:49Z worker WARN upstream latency 880ms
2026-03-14T02:46:04Z worker DEBUG heartbeat acknowledged
2026-03-14T02:46:14Z worker DEBUG heartbeat acknowledged
2026-03-14T02:46:18Z worker INFO config reloaded from disk
2026-03-14T02:46:34Z worker INFO connection pool resized to 16
2026-03-14T02:46:47Z worker WARN upstream latency 880ms
2026-03-14T02:47:04Z worker WARN retry scheduled in 500ms
2026-03-14T02:47:20Z worker TRACE worker claimed job 4471
2026-03-14T02:47:37Z worker DEBUG health probe ok
2026-03-14T02:47:44Z worker WARN retry scheduled in 500ms
2026-03-14T02:47:46Z worker INFO session token refreshed
2026-03-14T02:47:52Z worker DEBUG heartbeat acknowledged
2026-03-14T02:47:57Z worker WARN request took 2.1s, above the 1s budget
2026-03-14T02:48:15Z worker WARN request took 2.1s, above the 1s budget
2026-03-14T02:48:33Z worker TRACE worker claimed job 4471
2026-03-14T02:48:34Z worker TRACE worker claimed job 4471
2026-03-14T02:48:50Z worker INFO config reloaded from disk
2026-03-14T02:48:53Z worker TRACE worker claimed job 4471
2026-03-14T02:49:00Z worker INFO connection pool resized to 16
2026-03-14T02:49:18Z worker WARN request took 2.1s, above the 1s budget
2026-03-14T02:49:30Z worker TRACE worker claimed job 4471
2026-03-14T02:49:33Z worker ERROR payment declined by processor (E401)
2026-03-14T02:49:39Z worker INFO connection pool resized to 16
2026-03-14T02:49:55Z worker WARN upstream latency 880ms
2026-03-14T02:50:13Z worker ERROR upstream timeout on /v1/charges (E503)
2026-03-14T02:50:33Z worker INFO connection pool resized to 16
2026-03-14T02:50:34Z worker DEBUG health probe ok
2026-03-14T02:50:45Z worker DEBUG health probe ok
2026-03-14T02:50:48Z worker INFO batch flushed, 240 rows
2026-03-14T02:51:08Z worker INFO connection pool resized to 16
2026-03-14T02:51:14Z worker TRACE worker claimed job 4471
2026-03-14T02:51:17Z worker INFO request completed in 42ms
2026-03-14T02:51:22Z worker INFO config reloaded from disk
2026-03-14T02:51:38Z worker INFO batch flushed, 240 rows
2026-03-14T02:51:46Z worker WARN request took 2.1s, above the 1s budget
2026-03-14T02:52:03Z worker INFO shutdown signal handled cleanly
2026-03-14T02:52:17Z worker WARN request took 2.1s, above the 1s budget
2026-03-14T02:52:31Z worker INFO config reloaded from disk
2026-03-14T02:52:47Z worker ERROR upstream timeout on /v1/charges (E503)
2026-03-14T02:52:59Z worker DEBUG health probe ok
2026-03-14T02:53:05Z worker ERROR payment declined by processor (E401)
2026-03-14T02:53:24Z worker INFO batch flushed, 240 rows
2026-03-14T02:53:29Z worker INFO session token refreshed
2026-03-14T02:53:36Z worker DEBUG queue depth 12
2026-03-14T02:53:41Z worker TRACE worker claimed job 4471
2026-03-14T02:53:49Z worker INFO session token refreshed
2026-03-14T02:53:51Z worker DEBUG queue depth 12
2026-03-14T02:53:54Z worker WARN request took 2.1s, above the 1s budget
2026-03-14T02:54:02Z worker INFO connection pool resized to 16
2026-03-14T02:54:12Z worker INFO connection pool resized to 16
2026-03-14T02:54:22Z worker INFO connection pool resized to 16
2026-03-14T02:54:42Z worker INFO request completed in 42ms
2026-03-14T02:54:46Z worker INFO shutdown signal handled cleanly
2026-03-14T02:54:47Z worker ERROR settlement batch unavailable (E503)
2026-03-14T02:55:04Z worker INFO request completed in 42ms
2026-03-14T02:55:13Z worker INFO config reloaded from disk
2026-03-14T02:55:19Z worker WARN request took 2.1s, above the 1s budget
2026-03-14T02:55:28Z worker DEBUG heartbeat acknowledged
2026-03-14T02:55:34Z worker WARN retry scheduled in 500ms
2026-03-14T02:55:43Z worker ERROR database connection lost (E500)
2026-03-14T02:55:45Z worker INFO config reloaded from disk
2026-03-14T02:55:50Z worker DEBUG cache hit for key user:1204
2026-03-14T02:56:04Z worker TRACE worker claimed job 4471
2026-03-14T02:56:10Z worker ERROR settlement batch unavailable (E503)
2026-03-14T02:56:11Z worker DEBUG heartbeat acknowledged
2026-03-14T02:56:14Z worker INFO connection pool resized to 16
2026-03-14T02:56:22Z worker DEBUG health probe ok
2026-03-14T02:56:28Z worker ERROR card tokenization failed (E401)
2026-03-14T02:56:43Z worker ERROR payment declined by processor (E401)
2026-03-14T02:56:47Z worker DEBUG queue depth 12
2026-03-14T02:57:04Z worker WARN retry scheduled in 500ms
2026-03-14T02:57:17Z worker TRACE worker claimed job 4471
2026-03-14T02:57:19Z worker WARN retry scheduled in 500ms
2026-03-14T02:57:20Z worker INFO batch flushed, 240 rows
2026-03-14T02:57:25Z worker INFO session token refreshed
2026-03-14T02:57:36Z worker TRACE worker claimed job 4471
2026-03-14T02:57:44Z worker WARN upstream latency 880ms
2026-03-14T02:58:03Z worker ERROR payment declined by processor (E401)
2026-03-14T02:58:21Z worker DEBUG queue depth 12
2026-03-14T02:58:23Z worker INFO shutdown signal handled cleanly
2026-03-14T02:58:26Z worker INFO session token refreshed
2026-03-14T02:58:42Z worker INFO request completed in 42ms
2026-03-14T02:58:59Z worker INFO shutdown signal handled cleanly
2026-03-14T02:59:13Z worker WARN request took 2.1s, above the 1s budget
2026-03-14T02:59:24Z worker INFO shutdown signal handled cleanly
2026-03-14T02:59:40Z worker INFO connection pool resized to 16
2026-03-14T02:59:58Z worker INFO batch flushed, 240 rows
2026-03-14T03:00:04Z worker INFO config reloaded from disk
2026-03-14T03:00:22Z worker WARN retry scheduled in 500ms
2026-03-14T03:00:41Z worker DEBUG heartbeat acknowledged
2026-03-14T03:00:45Z worker INFO config reloaded from disk
2026-03-14T03:00:55Z worker INFO shutdown signal handled cleanly
2026-03-14T03:00:58Z worker ERROR settlement batch unavailable (E503)
2026-03-14T03:01:18Z worker DEBUG heartbeat acknowledged
2026-03-14T03:01:27Z worker WARN upstream latency 880ms
2026-03-14T03:01:37Z worker TRACE worker claimed job 4471
2026-03-14T03:01:57Z worker TRACE worker claimed job 4471
2026-03-14T03:02:04Z worker INFO session token refreshed
2026-03-14T03:02:05Z worker WARN request took 2.1s, above the 1s budget
2026-03-14T03:02:15Z worker DEBUG health probe ok
2026-03-14T03:02:26Z worker INFO config reloaded from disk
2026-03-14T03:02:35Z worker DEBUG health probe ok
2026-03-14T03:02:36Z worker DEBUG health probe ok
2026-03-14T03:02:46Z worker INFO config reloaded from disk
2026-03-14T03:03:06Z worker TRACE worker claimed job 4471
2026-03-14T03:03:20Z worker INFO config reloaded from disk
2026-03-14T03:03:28Z worker INFO batch flushed, 240 rows
2026-03-14T03:03:48Z worker DEBUG cache hit for key user:1204
