2026-03-14T02:00:07Z billing INFO request completed in 42ms
2026-03-14T02:00:11Z billing INFO batch flushed, 240 rows
2026-03-14T02:00:18Z billing TRACE worker claimed job 4471
2026-03-14T02:00:20Z billing DEBUG health probe ok
2026-03-14T02:00:22Z billing DEBUG cache hit for key user:1204
2026-03-14T02:00:37Z billing TRACE worker claimed job 4471
2026-03-14T02:00:39Z billing INFO batch flushed, 240 rows
2026-03-14T02:00:59Z billing DEBUG heartbeat acknowledged
2026-03-14T02:01:13Z billing INFO batch flushed, 240 rows
2026-03-14T02:01:29Z billing INFO request completed in 42ms
2026-03-14T02:01:40Z billing WARN retry scheduled in 500ms
2026-03-14T02:01:41Z billing ERROR settlement batch unavailable (E503)
2026-03-14T02:01:42Z billing ERROR database connection lost (E500)
2026-03-14T02:01:44Z billing INFO request completed in 42ms
2026-03-14T02:01:47Z billing ERROR payment declined by processor (E401)
2026-03-14T02:01:50Z billing INFO connection pool resized to 16
2026-03-14T02:02:09Z billing INFO config reloaded from disk
2026-03-14T02:02:27Z billing DEBUG health probe ok
2026-03-14T02:02:39Z billing INFO shutdown signal handled cleanly
2026-03-14T02:02:53Z billing ERROR card tokenization failed (E401)
2026-03-14T02:03:11Z billing DEBUG health probe ok
2026-03-14T02:03:20Z billing WARN retry scheduled in 500ms
2026-03-14T02:03:32Z billing WARN retry scheduled in 500ms
2026-03-14T02:03:51Z billing TRACE worker claimed job 4471
2026-03-14T02:04:11Z billing INFO batch flushed, 240 rows
2026-03-14T02:04:15Z billing INFO connection pool resized to 16
2026-03-14T02:04:25Z billing INFO connection pool resized to 16
2026-03-14T02:04:31Z billing INFO shutdown signal handled cleanly
2026-03-14T02:04:40Z billing INFO session token refreshed
2026-03-14T02:04:52Z billing DEBUG cache hit for key user:1204
2026-03-14T02:04:57Z billing WARN upstream latency 880ms
2026-03-14T02:05:10Z billing ERROR database connection lost (E500)
2026-03-14T02:05:18Z billing WARN request took 2.1s, above the 1s budget
2026-03-14T02:05:29Z billing DEBUG queue depth 12
2026-03-14T02:05:36Z billing WARN retry scheduled in 500ms
2026-03-14T02:05:52Z billing DEBUG cache hit for key user:1204
2026-03-14T02:06:05Z billing INFO config reloaded from disk
2026-03-14T02:06:17Z billing DEBUG queue depth 12
2026-03-14T02:06:27Z billing INFO request completed in 42ms
2026-03-14T02:06:35Z billing ERROR settlement batch unavailable (E503)
2026-03-14T02:06:47Z billing ERROR payment declined by processor (E401)
2026-03-14T02:06:55Z billing DEBUG health probe ok
2026-03-14T02:07:14Z billing INFO batch flushed, 240 rows
2026-03-14T02:07:34Z billing DEBUG health probe ok
2026-03-14T02:07:41Z billing WARN retry scheduled in 500ms
2026-03-14T02:08:01Z billing INFO config reloaded from disk
2026-03-14T02:08:07Z billing WARN upstream latency 880ms
2026-03-14T02:08:09Z billing TRACE worker claimed job 4471
2026-03-14T02:08:21Z billing TRACE worker claimed job 4471
2026-03-14T02:08:39Z billing WARN retry scheduled in 500ms
2026-03-14T02:08:59Z billing WARN retry scheduled in 500ms
2026-03-14T02:09:12Z billing ERROR database connection lost (E500)
2026-03-14T02:09:17Z billing DEBUG heartbeat acknowledged
2026-03-14T02:09:28Z billing INFO batch flushed, 240 rows
2026-03-14T02:09:48Z billing ERROR card tokenization failed (E401)
2026-03-14T02:09:50Z billing DEBUG heartbeat acknowledged
2026-03-14T02:10:07Z billing ERROR card tokenization failed (E401)
2026-03-14T02:10:09Z billing DEBUG queue depth 12
2026-03-14T02:10:24Z billing ERROR database connection lost (E500)
2026-03-14T02:10:44Z billing ERROR card tokenization failed (E401)
2026-03-14T02:10:51Z billing INFO shutdown signal handled cleanly
2026-03-14T02:11:00Z billing ERROR payment declined by processor (E401)
2026-03-14T02:11:16Z billing INFO shutdown signal handled cleanly
2026-03-14T02:11:22Z billing INFO session token refreshed
2026-03-14T02:11:31Z billing TRACE worker claimed job 4471
2026-03-14T02:11:39Z billing INFO batch flushed, 240 rows
2026-03-14T02:11:53Z billing INFO batch flushed, 240 rows
2026-03-14T02:12:01Z billing ERROR card tokenization failed (E401)
2026-03-14T02:12:07Z billing DEBUG cache hit for key user:1204
2026-03-14T02:12:19Z billing INFO shutdown signal handled cleanly
2026-03-14T02:12:32Z billing DEBUG heartbeat acknowledged
2026-03-14T02:12:42Z billing DEBUG heartbeat acknowledged
2026-03-14T02:12:57Z billing ERROR card tokenization failed (E401)
2026-03-14T02:13:09Z billing DEBUG cache hit for key user:1204
2026-03-14T02:13:23Z billing INFO request completed in 42ms
2026-03-14T02:13:42Z billing WARN upstream latency 880ms
2026-03-14T02:13:49Z billing WARN request took 2.1s, above the 1s budget
2026-03-14T02:14:07Z billing DEBUG heartbeat acknowledged
2026-03-14T02:14:09Z billing INFO connection pool resized to 16
2026-03-14T02:14:22Z billing DEBUG heartbeat acknowledged
2026-03-14T02:14:41Z billing INFO connection pool resized to 16
2026-03-14T02:14:53Z billing INFO batch flushed, 240 rows
2026-03-14T02:15:01Z billing DEBUG cache hit for key user:1204
2026-03-14T02:15:05Z billing INFO request completed in 42ms
2026-03-14T02:15:22Z billing ERROR ledger write rejected (E500)
2026-03-14T02:15:32Z billing WARN request took 2.1s, above the 1s budget
2026-03-14T02:15:40Z billing INFO session token refreshed
2026-03-14T02:15:52Z billing TRACE worker claimed job 4471
2026-03-14T02:15:56Z billing INFO request completed in 42ms
2026-03-14T02:16:06Z billing WARN request took 2.1s, above the 1s budget
2026-03-14T02:16:07Z billing INFO config reloaded from disk
2026-03-14T02:16:08Z billing DEBUG cache hit for key user:1204
2026-03-14T02:16:13Z billing WARN retry scheduled in 500ms
2026-03-14T02:16:20Z billing INFO shutdown signal handled cleanly
2026-03-14T02:16:35Z billing INFO request completed in 42ms
2026-03-14T02:16:54Z billing DEBUG cache hit for key user:1204
2026-03-14T02:16:57Z billing INFO config reloaded from disk
2026-03-14T02:17:12Z billing INFO request completed in 42ms
2026-03-14T02:17:18Z billing INFO batch flushed, 240 rows
2026-03-14T02:17:23Z billing DEBUG queue depth 12
2026-03-14T02:17:35Z billing ERROR ledger write rejected (E500)
2026-03-14T02:17:43Z billing DEBUG heartbeat acknowledged
2026-03-14T02:18:01Z billing INFO config reloaded from disk
2026-03-14T02:18:15Z billing DEBUG health probe ok
2026-03-14T02:18:22Z billing DEBUG heartbeat acknowledged
2026-03-14T02:18:41Z billing INFO batch flushed, 240 rows
2026-03-14T02:18:55Z billing INFO shutdown signal handled cleanly
2026-03-14T02:19:04Z billing TRACE worker claimed job 4471
2026-03-14T02:19:20Z billing INFO request completed in 42ms
2026-03-14T02:19:38Z billing DEBUG cache hit for key user:1204
2026-03-14T02:19:41Z billing WARN request took 2.1s, above the 1s budget
2026-03-14T02:19:43Z billing DEBUG queue depth 12
2026-03-14T02:19:52Z billing DEBUG queue depth 12
2026-03-14T02:20:09Z billing WARN upstream latency 880ms
2026-03-14T02:20:19Z billing WARN retry scheduled in 500ms
2026-03-14T02:20:20Z billing ERROR settlement batch unavailable (E503)
2026-03-14T02:20:22Z billing TRACE worker claimed job 4471
2026-03-14T02:20:38Z billing DEBUG health probe ok
2026-03-14T02:20:45Z billing WARN upstream latency 880ms
2026-03-14T02:20:48Z billing TRACE worker claimed job 4471
2026-03-14T02:21:00Z billing WARN upstream latency 880ms
2026-03-14T02:21:14Z billing INFO connection pool resized to 16
2026-03-14T02:21:16Z billing INFO shutdown signal handled cleanly
2026-03-14T02:21:19Z billing INFO shutdown signal handled cleanly
2026-03-14T02:21:38Z billing INFO batch flushed, 240 rows
2026-03-14T02:21:49Z billing DEBUG queue depth 12
2026-03-14T02:21:54Z billing INFO shutdown signal handled cleanly
2026-03-14T02:21:57Z billing INFO session token refreshed
2026-03-14T02:21:58Z billing WARN retry scheduled in 500ms
2026-03-14T02:22:13Z billing INFO batch flushed, 240 rows
2026-03-14T02:22:30Z billing ERROR payment declined by processor (E401)
2026-03-14T02:22:36Z billing INFO request completed in 42ms
2026-03-14T02:22:46Z billing WARN request took 2.1s, above the 1s budget
2026-03-14T02:22:57Z billing INFO session token refreshed
2026-03-14T02:23:01Z billing ERROR settlement batch unavailable (E503)
2026-03-14T02:23:10Z billing INFO config reloaded from disk
2026-03-14T02:23:12Z billing INFO request completed in 42ms
2026-03-14T02:23:22Z billing WARN upstream latency 880ms
2026-03-14T02:23:30Z billing INFO batch flushed, 240 rows
2026-03-14T02:23:45Z billing ERROR card tokenization failed (E401)
2026-03-14T02:23:53Z billing WARN retry scheduled in 500ms
2026-03-14T02:24:03Z billing DEBUG queue depth 12
2026-03-14T02:24:18Z billing INFO session token refreshed
2026-03-14T02:24:33Z billing TRACE worker claimed job 4471
2026-03-14T02:24:48Z billing INFO connection pool resized to 16
2026-03-14T02:25:06Z billing WARN upstream latency 880ms
2026-03-14T02:25:09Z billing ERROR upstream timeout on /v1/charges (E503)
2026-03-14T02:25:25Z billing DEBUG cache hit for key user:1204
2026-03-14T02:25:26Z billing INFO shutdown signal handled cleanly
2026-03-14T02:25:44Z billing WARN request took 2.1s, above the 1s budget
2026-03-14T02:25:49Z billing DEBUG queue depth 12
2026-03-14T02:26:06Z billing INFO shutdown signal handled cleanly
2026-03-14T02:26:11Z billing ERROR ledger write rejected (E500)
2026-03-14T02:26:15Z billing INFO connection pool resized to 16
2026-03-14T02:26:24Z billing ERROR card tokenization failed (E401)
2026-03-14T02:26:43Z billing DEBUG cache hit for key user:1204
2026-03-14T02:26:46Z billing ERROR ledger write rejected (E500)
2026-03-14T02:26:50Z billing ERROR upstream timeout on /v1/charges (E503)
2026-03-14T02:26:51Z billing INFO connection pool resized to 16
2026-03-14T02:27:07Z billing ERROR settlement batch unavailable (E503)
2026-03-14T02:27:25Z billing INFO config reloaded from disk
2026-03-14T02:27:27Z billing INFO shutdown signal handled cleanly
2026-03-14T02:27:29Z billing INFO config reloaded from disk
2026-03-14T02:27:46Z billing TRACE worker claimed job 4471
2026-03-14T02:27:58Z billing INFO config reloaded from disk
2026-03-14T02:28:01Z billing INFO config reloaded from disk
2026-03-14T02:28:13Z billing INFO shutdown signal handled cleanly
2026-03-14T02:28:31Z billing WARN request took 2.1s, above the 1s budget
2026-03-14T02:28:32Z billing INFO shutdown signal handled cleanly
2026-03-14T02:28:42Z billing ERROR ledger write rejected (E500)
2026-03-14T02:29:01Z billing ERROR card tokenization failed (E401)
2026-03-14T02:29:09Z billing DEBUG heartbeat acknowledged
2026-03-14T02:29:20Z billing ERROR upstream timeout on /v1/charges (E503)
2026-03-14T02:29:29Z billing ERROR card tokenization failed (E401)
2026-03-14T02:29:46Z billing INFO session token refreshed
2026-03-14T02:29:48Z billing INFO shutdown signal handled cleanly
2026-03-14T02:30:05Z billing INFO shutdown signal handled cleanly
2026-03-14T02:30:10Z billing ERROR payment declined by processor (E401)
2026-03-14T02:30:28Z billing ERROR settlement batch unavailable (E503)
2026-03-14T02:30:29Z billing DEBUG queue depth 12
2026-03-14T02:30:33Z billing WARN upstream latency 880ms
2026-03-14T02:30:45Z billing INFO shutdown signal handled cleanly
2026-03-14T02:31:03Z billing ERROR database connection lost (E500)
2026-03-14T02:31:20Z billing INFO session token refreshed
2026-03-14T02:31:36Z billing WARN retry scheduled in 500ms
2026-03-14T02:31:37Z billing WARN retry scheduled in 500ms
2026-03-14T02:31:56Z billing INFO batch flushed, 240 rows
2026-03-14T02:32:15Z billing INFO session token refreshed
2026-03-14T02:32:18Z billing INFO shutdown signal handled cleanly
2026-03-14T02:32:31Z billing WARN request took 2.1s, above the 1s budget
2026-03-14T02:32:50Z billing WARN upstream latency 880ms
2026-03-14T02:33:03Z billing TRACE worker claimed job 4471
2026-03-14T02:33:19Z billing INFO config reloaded from disk
2026-03-14T02:33:34Z billing DEBUG heartbeat acknowledged
2026-03-14T02:33:46Z billing TRACE worker claimed job 4471
2026-03-14T02:33:47Z billing WARN upstream latency 880ms
2026-03-14T02:34:06Z billing DEBUG cache hit for key user:1204
2026-03-14T02:34:11Z billing INFO config reloaded from disk
2026-03-14T02:34:23Z billing DEBUG health probe ok
2026-03-14T02:34:31Z billing DEBUG health probe ok
2026-03-14T02:34:35Z billing WARN upstream latency 880ms
2026-03-14T02:34:37Z billing ERROR ledger write rejected (E500)
2026-03-14T02:34:39Z billing WARN request took 2.1s, above the 1s budget
2026-03-14T02:34:46Z billing INFO batch flushed, 240 rows
2026-03-14T02:34:48Z billing ERROR database connection lost (E500)
2026-03-14T02:34:59Z billing INFO request completed in 42ms
2026-03-14T02:35:09Z billing WARN request took 2.1s, above the 1s budget
2026-03-14T02:35:10Z billing INFO config reloaded from disk
2026-03-14T02:35:17Z billing TRACE worker claimed job 4471
2026-03-14T02:35:31Z billing INFO session token refreshed
2026-03-14T02:35:35Z billing DEBUG queue depth 12
2026-03-14T02:35:37Z billing ERROR card tokenization failed (E401)
2026-03-14T02:35:38Z billing ERROR database connection lost (E500)
2026-03-14T02:35:42Z billing INFO config reloaded from disk
2026-03-14T02:35:53Z billing INFO shutdown signal handled cleanly
2026-03-14T02:36:04Z billing WARN upstream latency 880ms
2026-03-14T02:36:06Z billing INFO connection pool resized to 16
2026-03-14T02:36:26Z billing ERROR card tokenization failed (E401)
2026-03-14T02:36:28Z billing WARN request took 2.1s, above the 1s budget
2026-03-14T02:36:40Z billing INFO request completed in 42ms
2026-03-14T02:36:46Z billing DEBUG heartbeat acknowledged
2026-03-14T02:37:06Z billing DEBUG health probe ok
2026-03-14T02:37:20Z billing INFO batch flushed, 240 rows
2026-03-14T02:37:37Z billing ERROR settlement batch unavailable (E503)
2026-03-14T02:37:53Z billing WARN retry scheduled in 500ms
2026-03-14T02:38:09Z billing WARN request took 2.1s, above the 1s budget
2026-03-14T02:38:28Z billing ERROR upstream timeout on /v1/charges (E503)
2026-03-14T02:38:48Z billing INFO config reloaded from disk
2026-03-14T02:38:53Z billing DEBUG health probe ok
2026-03-14T02:39:04Z billing DEBUG heartbeat acknowledged
2026-03-14T02:39:11Z billing INFO request completed in 42ms
2026-03-14T02:39:16Z billing DEBUG health probe ok
2026-03-14T02:39:29Z billing INFO batch flushed, 240 rows
2026-03-14T02:39:39Z billing DEBUG health probe ok
2026-03-14T02:39:59Z billing ERROR payment declined by processor (E401)
2026-03-14T02:40:08Z billing ERROR upstream timeout on /v1/charges (E503)
2026-03-14T02:40:21Z billing INFO shutdown signal handled cleanly
2026-03-14T02:40:34Z billing INFO batch flushed, 240 rows
2026-03-14T02:40:36Z billing INFO shutdown signal handled cleanly
2026-03-14T02:40:55Z billing DEBUG queue depth 12
2026-03-14T02:41:04Z billing ERROR card tokenization failed (E401)
2026-03-14T02:41:08Z billing ERROR database connection lost (E500)
2026-03-14T02:41:22Z billing INFO batch flushed, 240 rows
2026-03-14T02:41:40Z billing DEBUG health probe ok
2026-03-14T02:41:43Z billing DEBUG health probe ok
2026-03-14T02:41:58Z billing INFO session token refreshed
2026-03-14T02:42:12Z billing DEBUG health probe ok
2026-03-14T02:42:19Z billing WARN request took 2.1s, above the 1s budget
2026-03-14T02:42:20Z billing ERROR upstream timeout on /v1/charges (E503)
2026-03-14T02:42:25Z billing ERROR upstream timeout on /v1/charges (E503)
2026-03-14T02:42:45Z billing WARN retry scheduled in 500ms
2026-03-14T02:42:47Z billing DEBUG cache hit for key user:1204
2026-03-14T02:42:56Z billing WARN request took 2.1s, above the 1s budget
2026-03-14T02:43:06Z billing DEBUG heartbeat acknowledged
2026-03-14T02:43:08Z billing INFO config reloaded from disk
2026-03-14T02:43:11Z billing ERROR settlement batch unavailable (E503)
2026-03-14T02:43:29Z billing WARN upstream latency 880ms
2026-03-14T02:43:48Z billing INFO connection pool resized to 16
2026-03-14T02:43:50Z billing DEBUG cache hit for key user:1204
2026-03-14T02:43:56Z billing WARN request took 2.1s, above the 1s budget
